[
    {
        "result": [
            {
                "conf": 0.6,
                "end": 12.00,
                "start": 10.00,
                "word": "111"
            }
        ],
        "text": "111"
    },
    {
        "result": [
            {
                "conf": 0.6,
                "end": 14.50,
                "start": 12.50,
                "word": "222"
            }
        ],
        "text": "222"
    },
    {
        "result": [
            {
                "conf": 0.6,
                "end": 17.00,
                "start": 15.00,
                "word": "333"
            }
        ],
        "text": "333"
    },
    {
        "result": [
            {
                "conf": 0.6,
                "end": 19.50,
                "start": 17.50,
                "word": "444"
            }
        ],
        "text": "444"
    }
]