[
    {
        "result": [
            {
                "conf": 0.6,
                "end": 12.00,
                "start": 10.00,
                "word": "один"
            }
        ],
        "text": "один"
    },
    {
        "result": [
            {
                "conf": 0.6,
                "end": 14.00,
                "start": 12.00,
                "word": "два"
            }
        ],
        "text": "два"
    },
    {
        "result": [
            {
                "conf": 0.6,
                "end": 16.00,
                "start": 14.00,
                "word": "три"
            }
        ],
        "text": "три"
    },
    {
        "result": [
            {
                "conf": 0.6,
                "end": 18.00,
                "start": 16.00,
                "word": "четыре"
            }
        ],
        "text": "четыре"
    }
]