[
    {
        "result": [
            {
                "conf": 0.6,
                "end": 12.00,
                "start": 10.00,
                "word": "111"
            },
            {
                "conf": 0.6,
                "end": 14.00,
                "start": 12.00,
                "word": "222"
            }

        ],
        "text": "111 222"
    },
    {
        "result": [
            {
                "conf": 0.6,
                "end": 16.00,
                "start": 14.00,
                "word": "333"
            },
            {
                "conf": 0.6,
                "end": 18.00,
                "start": 16.00,
                "word": "444"
            }

        ],
        "text": "333 444"
    }
]