[
  {
    "result": [
      {
        "conf": 0.6,
        "end": 12.0,
        "start": 10.0,
        "word": "111"
      },
      {
        "conf": 0.6,
        "end": 14.0,
        "start": 12.0,
        "word": "222"
      },
      {
        "conf": 0.6,
        "end": 16.0,
        "start": 14.0,
        "word": "333"
      }
    ],
    "text": "111 222 333"
  },
  {
    "result": [
      {
        "conf": 0.6,
        "end": 18.0,
        "start": 16.0,
        "word": "444"
      }
    ],
    "text": "444"
  }
]